cdk/drag-drop/all-directives: 154333
cdk/drag-drop/basic: 151696
material-experimental/mdc-chips/basic: 189387
material-experimental/mdc-form-field/advanced: 219870
material-experimental/mdc-form-field/basic: 219033
material/autocomplete/without-optgroup: 209904
material/button-toggle/standalone: 119305
material/chips/basic: 162237
material/datepicker/range-picker/without-form-field: 330325
material/expansion/without-accordion: 132354
material/form-field/advanced: 182454
material/form-field/basic: 181217
material/list/nav-list: 129585
material/menu/without-lazy-content: 210000
material/radio/without-group: 121925
material/select/basic: 255944
material/tabs/advanced: 182236
material/tabs/basic: 181433
